Archive member included because of file (symbol)

C:\marmalade\6.0\s3e\edk\lib\android\libedk.a(IwDebug.o)
                              debug\s3eChartboost_platform.os (IwDebugTraceSetTraceChannel)
C:\marmalade\6.0\s3e\edk\lib\android\libedk.a(edk_helpers.o)
                              debug\s3eChartboost_platform.os (s3eEdkThreadRunOnOS)
E:/Game Source/android-ndk-r8-windows/android-ndk-r8/toolchains/arm-linux-androideabi-4.4.3/prebuilt/windows/bin/../lib/gcc/arm-linux-androideabi/4.4.3\libgcc.a(_aeabi_ldivmod.o)
                              C:\marmalade\6.0\s3e\edk\lib\android\libedk.a(IwDebug.o) (__aeabi_ldivmod)
E:/Game Source/android-ndk-r8-windows/android-ndk-r8/toolchains/arm-linux-androideabi-4.4.3/prebuilt/windows/bin/../lib/gcc/arm-linux-androideabi/4.4.3\libgcc.a(bpabi.o)
                              E:/Game Source/android-ndk-r8-windows/android-ndk-r8/toolchains/arm-linux-androideabi-4.4.3/prebuilt/windows/bin/../lib/gcc/arm-linux-androideabi/4.4.3\libgcc.a(_aeabi_ldivmod.o) (__gnu_ldivmod_helper)
E:/Game Source/android-ndk-r8-windows/android-ndk-r8/toolchains/arm-linux-androideabi-4.4.3/prebuilt/windows/bin/../lib/gcc/arm-linux-androideabi/4.4.3\libgcc.a(unwind-arm.o)
                              C:\marmalade\6.0\s3e\edk\lib\android\libedk.a(IwDebug.o) (__aeabi_unwind_cpp_pr0)
E:/Game Source/android-ndk-r8-windows/android-ndk-r8/toolchains/arm-linux-androideabi-4.4.3/prebuilt/windows/bin/../lib/gcc/arm-linux-androideabi/4.4.3\libgcc.a(libunwind.o)
                              E:/Game Source/android-ndk-r8-windows/android-ndk-r8/toolchains/arm-linux-androideabi-4.4.3/prebuilt/windows/bin/../lib/gcc/arm-linux-androideabi/4.4.3\libgcc.a(unwind-arm.o) (restore_core_regs)
E:/Game Source/android-ndk-r8-windows/android-ndk-r8/toolchains/arm-linux-androideabi-4.4.3/prebuilt/windows/bin/../lib/gcc/arm-linux-androideabi/4.4.3\libgcc.a(pr-support.o)
                              E:/Game Source/android-ndk-r8-windows/android-ndk-r8/toolchains/arm-linux-androideabi-4.4.3/prebuilt/windows/bin/../lib/gcc/arm-linux-androideabi/4.4.3\libgcc.a(unwind-arm.o) (__gnu_unwind_execute)
E:/Game Source/android-ndk-r8-windows/android-ndk-r8/toolchains/arm-linux-androideabi-4.4.3/prebuilt/windows/bin/../lib/gcc/arm-linux-androideabi/4.4.3\libgcc.a(_divdi3.o)
                              E:/Game Source/android-ndk-r8-windows/android-ndk-r8/toolchains/arm-linux-androideabi-4.4.3/prebuilt/windows/bin/../lib/gcc/arm-linux-androideabi/4.4.3\libgcc.a(bpabi.o) (__divdi3)
E:/Game Source/android-ndk-r8-windows/android-ndk-r8/toolchains/arm-linux-androideabi-4.4.3/prebuilt/windows/bin/../lib/gcc/arm-linux-androideabi/4.4.3\libgcc.a(_udivdi3.o)
                              E:/Game Source/android-ndk-r8-windows/android-ndk-r8/toolchains/arm-linux-androideabi-4.4.3/prebuilt/windows/bin/../lib/gcc/arm-linux-androideabi/4.4.3\libgcc.a(bpabi.o) (__udivdi3)
E:/Game Source/android-ndk-r8-windows/android-ndk-r8/toolchains/arm-linux-androideabi-4.4.3/prebuilt/windows/bin/../lib/gcc/arm-linux-androideabi/4.4.3\libgcc.a(_udivsi3.o)
                              E:/Game Source/android-ndk-r8-windows/android-ndk-r8/toolchains/arm-linux-androideabi-4.4.3/prebuilt/windows/bin/../lib/gcc/arm-linux-androideabi/4.4.3\libgcc.a(_divdi3.o) (__aeabi_uidiv)
E:/Game Source/android-ndk-r8-windows/android-ndk-r8/toolchains/arm-linux-androideabi-4.4.3/prebuilt/windows/bin/../lib/gcc/arm-linux-androideabi/4.4.3\libgcc.a(_dvmd_lnx.o)
                              E:/Game Source/android-ndk-r8-windows/android-ndk-r8/toolchains/arm-linux-androideabi-4.4.3/prebuilt/windows/bin/../lib/gcc/arm-linux-androideabi/4.4.3\libgcc.a(_udivsi3.o) (__div0)

Discarded input sections

 _ZN7_JNIEnv9FindClassEPKc
                0x00000000        0x0 debug\s3eChartboost_platform.os
 _ZN7_JNIEnv17ExceptionOccurredEv
                0x00000000        0x0 debug\s3eChartboost_platform.os
 _ZN7_JNIEnv17ExceptionDescribeEv
                0x00000000        0x0 debug\s3eChartboost_platform.os
 _ZN7_JNIEnv14ExceptionClearEv
                0x00000000        0x0 debug\s3eChartboost_platform.os
 _ZN7_JNIEnv12NewGlobalRefEP8_jobject
                0x00000000        0x0 debug\s3eChartboost_platform.os
 _ZN7_JNIEnv15DeleteGlobalRefEP8_jobject
                0x00000000        0x0 debug\s3eChartboost_platform.os
 _ZN7_JNIEnv14DeleteLocalRefEP8_jobject
                0x00000000        0x0 debug\s3eChartboost_platform.os
 _ZN7_JNIEnv9NewObjectEP7_jclassP10_jmethodIDz
                0x00000000        0x0 debug\s3eChartboost_platform.os
 _ZN7_JNIEnv11GetMethodIDEP7_jclassPKcS3_
                0x00000000        0x0 debug\s3eChartboost_platform.os
 _ZN7_JNIEnv14CallVoidMethodEP8_jobjectP10_jmethodIDz
                0x00000000        0x0 debug\s3eChartboost_platform.os
 _ZN7_JNIEnv12NewStringUTFEPKc
                0x00000000        0x0 debug\s3eChartboost_platform.os
 _ZN7_JavaVM6GetEnvEPPvi
                0x00000000        0x0 debug\s3eChartboost_platform.os
 .text          0x00000000        0x0 debug\s3eChartboost_platform.os
 .data          0x00000000        0x0 debug\s3eChartboost_platform.os
 .note.GNU-stack
                0x00000000        0x0 debug\s3eChartboost_platform.os
 .text          0x00000000        0x0 debug\s3eChartboost.os
 .data          0x00000000        0x0 debug\s3eChartboost.os
 .bss           0x00000000        0x0 debug\s3eChartboost.os
 .note.GNU-stack
                0x00000000        0x0 debug\s3eChartboost.os
 .text          0x00000000        0x0 debug\s3eChartboost_register.os
 .data          0x00000000        0x0 debug\s3eChartboost_register.os
 .bss           0x00000000        0x0 debug\s3eChartboost_register.os
 .note.GNU-stack
                0x00000000        0x0 debug\s3eChartboost_register.os
 .text          0x00000000        0x0 C:\marmalade\6.0\s3e\edk\lib\android\libedk.a(IwDebug.o)
 .data          0x00000000        0x0 C:\marmalade\6.0\s3e\edk\lib\android\libedk.a(IwDebug.o)
 .text.IwAssertRegisterTextCallback
                0x00000000        0x0 C:\marmalade\6.0\s3e\edk\lib\android\libedk.a(IwDebug.o)
 .ARM.extab.text.IwAssertRegisterTextCallback
                0x00000000        0x0 C:\marmalade\6.0\s3e\edk\lib\android\libedk.a(IwDebug.o)
 .ARM.exidx.text.IwAssertRegisterTextCallback
                0x00000000        0x0 C:\marmalade\6.0\s3e\edk\lib\android\libedk.a(IwDebug.o)
 .text.IwAssertRegisterCallback
                0x00000000        0x0 C:\marmalade\6.0\s3e\edk\lib\android\libedk.a(IwDebug.o)
 .ARM.extab.text.IwAssertRegisterCallback
                0x00000000        0x0 C:\marmalade\6.0\s3e\edk\lib\android\libedk.a(IwDebug.o)
 .ARM.exidx.text.IwAssertRegisterCallback
                0x00000000        0x0 C:\marmalade\6.0\s3e\edk\lib\android\libedk.a(IwDebug.o)
 .ARM.extab.text.IwDebugTraceSetTraceChannel
                0x00000000        0x0 C:\marmalade\6.0\s3e\edk\lib\android\libedk.a(IwDebug.o)
 .text.IwDebugErrorRegisterCallback
                0x00000000        0x0 C:\marmalade\6.0\s3e\edk\lib\android\libedk.a(IwDebug.o)
 .ARM.extab.text.IwDebugErrorRegisterCallback
                0x00000000        0x0 C:\marmalade\6.0\s3e\edk\lib\android\libedk.a(IwDebug.o)
 .ARM.exidx.text.IwDebugErrorRegisterCallback
                0x00000000        0x0 C:\marmalade\6.0\s3e\edk\lib\android\libedk.a(IwDebug.o)
 .text.IwDebugAssertSetUID
                0x00000000        0x0 C:\marmalade\6.0\s3e\edk\lib\android\libedk.a(IwDebug.o)
 .ARM.extab.text.IwDebugAssertSetUID
                0x00000000        0x0 C:\marmalade\6.0\s3e\edk\lib\android\libedk.a(IwDebug.o)
 .ARM.exidx.text.IwDebugAssertSetUID
                0x00000000        0x0 C:\marmalade\6.0\s3e\edk\lib\android\libedk.a(IwDebug.o)
 .ARM.extab.text._GLOBAL__I_g_DebugGlobals
                0x00000000        0x0 C:\marmalade\6.0\s3e\edk\lib\android\libedk.a(IwDebug.o)
 .text.IwDebugClearConfigCache
                0x00000000        0x0 C:\marmalade\6.0\s3e\edk\lib\android\libedk.a(IwDebug.o)
 .ARM.extab.text.IwDebugClearConfigCache
                0x00000000        0x0 C:\marmalade\6.0\s3e\edk\lib\android\libedk.a(IwDebug.o)
 .ARM.exidx.text.IwDebugClearConfigCache
                0x00000000        0x0 C:\marmalade\6.0\s3e\edk\lib\android\libedk.a(IwDebug.o)
 .text.IwDebugErrorShow
                0x00000000        0x0 C:\marmalade\6.0\s3e\edk\lib\android\libedk.a(IwDebug.o)
 .ARM.extab.text.IwDebugErrorShow
                0x00000000        0x0 C:\marmalade\6.0\s3e\edk\lib\android\libedk.a(IwDebug.o)
 .ARM.exidx.text.IwDebugErrorShow
                0x00000000        0x0 C:\marmalade\6.0\s3e\edk\lib\android\libedk.a(IwDebug.o)
 .ARM.extab.text.IwDebugTraceIsChannelOn
                0x00000000        0x0 C:\marmalade\6.0\s3e\edk\lib\android\libedk.a(IwDebug.o)
 .text.IwDebugAssertIsChannelOn
                0x00000000        0x0 C:\marmalade\6.0\s3e\edk\lib\android\libedk.a(IwDebug.o)
 .ARM.extab.text.IwDebugAssertIsChannelOn
                0x00000000        0x0 C:\marmalade\6.0\s3e\edk\lib\android\libedk.a(IwDebug.o)
 .ARM.exidx.text.IwDebugAssertIsChannelOn
                0x00000000        0x0 C:\marmalade\6.0\s3e\edk\lib\android\libedk.a(IwDebug.o)
 .text.IwDebugTraceDisable
                0x00000000        0x0 C:\marmalade\6.0\s3e\edk\lib\android\libedk.a(IwDebug.o)
 .ARM.extab.text.IwDebugTraceDisable
                0x00000000        0x0 C:\marmalade\6.0\s3e\edk\lib\android\libedk.a(IwDebug.o)
 .ARM.exidx.text.IwDebugTraceDisable
                0x00000000        0x0 C:\marmalade\6.0\s3e\edk\lib\android\libedk.a(IwDebug.o)
 .text.IwDebugAssertSetMessage
                0x00000000        0x0 C:\marmalade\6.0\s3e\edk\lib\android\libedk.a(IwDebug.o)
 .ARM.extab.text.IwDebugAssertSetMessage
                0x00000000        0x0 C:\marmalade\6.0\s3e\edk\lib\android\libedk.a(IwDebug.o)
 .ARM.exidx.text.IwDebugAssertSetMessage
                0x00000000        0x0 C:\marmalade\6.0\s3e\edk\lib\android\libedk.a(IwDebug.o)
 .text.IwDebugAssertSetSolution
                0x00000000        0x0 C:\marmalade\6.0\s3e\edk\lib\android\libedk.a(IwDebug.o)
 .ARM.extab.text.IwDebugAssertSetSolution
                0x00000000        0x0 C:\marmalade\6.0\s3e\edk\lib\android\libedk.a(IwDebug.o)
 .ARM.exidx.text.IwDebugAssertSetSolution
                0x00000000        0x0 C:\marmalade\6.0\s3e\edk\lib\android\libedk.a(IwDebug.o)
 .text.IwDebugAssertShow
                0x00000000        0x0 C:\marmalade\6.0\s3e\edk\lib\android\libedk.a(IwDebug.o)
 .ARM.extab.text.IwDebugAssertShow
                0x00000000        0x0 C:\marmalade\6.0\s3e\edk\lib\android\libedk.a(IwDebug.o)
 .ARM.exidx.text.IwDebugAssertShow
                0x00000000        0x0 C:\marmalade\6.0\s3e\edk\lib\android\libedk.a(IwDebug.o)
 .text.IwDebugTraceChannelSwitch
                0x00000000        0x0 C:\marmalade\6.0\s3e\edk\lib\android\libedk.a(IwDebug.o)
 .ARM.extab.text.IwDebugTraceChannelSwitch
                0x00000000        0x0 C:\marmalade\6.0\s3e\edk\lib\android\libedk.a(IwDebug.o)
 .ARM.exidx.text.IwDebugTraceChannelSwitch
                0x00000000        0x0 C:\marmalade\6.0\s3e\edk\lib\android\libedk.a(IwDebug.o)
 .note.GNU-stack
                0x00000000        0x0 C:\marmalade\6.0\s3e\edk\lib\android\libedk.a(IwDebug.o)
 .text          0x00000000        0x0 C:\marmalade\6.0\s3e\edk\lib\android\libedk.a(edk_helpers.o)
 .data          0x00000000        0x0 C:\marmalade\6.0\s3e\edk\lib\android\libedk.a(edk_helpers.o)
 .bss           0x00000000        0x0 C:\marmalade\6.0\s3e\edk\lib\android\libedk.a(edk_helpers.o)
 .text.s3eEdkThreadRunOnOSAsync
                0x00000000        0x0 C:\marmalade\6.0\s3e\edk\lib\android\libedk.a(edk_helpers.o)
 .ARM.extab.text.s3eEdkThreadRunOnOSAsync
                0x00000000        0x0 C:\marmalade\6.0\s3e\edk\lib\android\libedk.a(edk_helpers.o)
 .ARM.exidx.text.s3eEdkThreadRunOnOSAsync
                0x00000000        0x0 C:\marmalade\6.0\s3e\edk\lib\android\libedk.a(edk_helpers.o)
 .text.s3eEdkErrorSetString
                0x00000000        0x0 C:\marmalade\6.0\s3e\edk\lib\android\libedk.a(edk_helpers.o)
 .ARM.extab.text.s3eEdkErrorSetString
                0x00000000        0x0 C:\marmalade\6.0\s3e\edk\lib\android\libedk.a(edk_helpers.o)
 .ARM.exidx.text.s3eEdkErrorSetString
                0x00000000        0x0 C:\marmalade\6.0\s3e\edk\lib\android\libedk.a(edk_helpers.o)
 .note.GNU-stack
                0x00000000        0x0 C:\marmalade\6.0\s3e\edk\lib\android\libedk.a(edk_helpers.o)
 .data          0x00000000        0x0 E:/Game Source/android-ndk-r8-windows/android-ndk-r8/toolchains/arm-linux-androideabi-4.4.3/prebuilt/windows/bin/../lib/gcc/arm-linux-androideabi/4.4.3\libgcc.a(_aeabi_ldivmod.o)
 .bss           0x00000000        0x0 E:/Game Source/android-ndk-r8-windows/android-ndk-r8/toolchains/arm-linux-androideabi-4.4.3/prebuilt/windows/bin/../lib/gcc/arm-linux-androideabi/4.4.3\libgcc.a(_aeabi_ldivmod.o)
 .note.GNU-stack
                0x00000000        0x0 E:/Game Source/android-ndk-r8-windows/android-ndk-r8/toolchains/arm-linux-androideabi-4.4.3/prebuilt/windows/bin/../lib/gcc/arm-linux-androideabi/4.4.3\libgcc.a(_aeabi_ldivmod.o)
 .data          0x00000000        0x0 E:/Game Source/android-ndk-r8-windows/android-ndk-r8/toolchains/arm-linux-androideabi-4.4.3/prebuilt/windows/bin/../lib/gcc/arm-linux-androideabi/4.4.3\libgcc.a(bpabi.o)
 .bss           0x00000000        0x0 E:/Game Source/android-ndk-r8-windows/android-ndk-r8/toolchains/arm-linux-androideabi-4.4.3/prebuilt/windows/bin/../lib/gcc/arm-linux-androideabi/4.4.3\libgcc.a(bpabi.o)
 .ARM.extab     0x00000000        0x0 E:/Game Source/android-ndk-r8-windows/android-ndk-r8/toolchains/arm-linux-androideabi-4.4.3/prebuilt/windows/bin/../lib/gcc/arm-linux-androideabi/4.4.3\libgcc.a(bpabi.o)
 .note.GNU-stack
                0x00000000        0x0 E:/Game Source/android-ndk-r8-windows/android-ndk-r8/toolchains/arm-linux-androideabi-4.4.3/prebuilt/windows/bin/../lib/gcc/arm-linux-androideabi/4.4.3\libgcc.a(bpabi.o)
 .data          0x00000000        0x0 E:/Game Source/android-ndk-r8-windows/android-ndk-r8/toolchains/arm-linux-androideabi-4.4.3/prebuilt/windows/bin/../lib/gcc/arm-linux-androideabi/4.4.3\libgcc.a(unwind-arm.o)
 .bss           0x00000000        0x0 E:/Game Source/android-ndk-r8-windows/android-ndk-r8/toolchains/arm-linux-androideabi-4.4.3/prebuilt/windows/bin/../lib/gcc/arm-linux-androideabi/4.4.3\libgcc.a(unwind-arm.o)
 .note.GNU-stack
                0x00000000        0x0 E:/Game Source/android-ndk-r8-windows/android-ndk-r8/toolchains/arm-linux-androideabi-4.4.3/prebuilt/windows/bin/../lib/gcc/arm-linux-androideabi/4.4.3\libgcc.a(unwind-arm.o)
 .data          0x00000000        0x0 E:/Game Source/android-ndk-r8-windows/android-ndk-r8/toolchains/arm-linux-androideabi-4.4.3/prebuilt/windows/bin/../lib/gcc/arm-linux-androideabi/4.4.3\libgcc.a(libunwind.o)
 .bss           0x00000000        0x0 E:/Game Source/android-ndk-r8-windows/android-ndk-r8/toolchains/arm-linux-androideabi-4.4.3/prebuilt/windows/bin/../lib/gcc/arm-linux-androideabi/4.4.3\libgcc.a(libunwind.o)
 .note.GNU-stack
                0x00000000        0x0 E:/Game Source/android-ndk-r8-windows/android-ndk-r8/toolchains/arm-linux-androideabi-4.4.3/prebuilt/windows/bin/../lib/gcc/arm-linux-androideabi/4.4.3\libgcc.a(libunwind.o)
 .data          0x00000000        0x0 E:/Game Source/android-ndk-r8-windows/android-ndk-r8/toolchains/arm-linux-androideabi-4.4.3/prebuilt/windows/bin/../lib/gcc/arm-linux-androideabi/4.4.3\libgcc.a(pr-support.o)
 .bss           0x00000000        0x0 E:/Game Source/android-ndk-r8-windows/android-ndk-r8/toolchains/arm-linux-androideabi-4.4.3/prebuilt/windows/bin/../lib/gcc/arm-linux-androideabi/4.4.3\libgcc.a(pr-support.o)
 .ARM.extab     0x00000000        0x0 E:/Game Source/android-ndk-r8-windows/android-ndk-r8/toolchains/arm-linux-androideabi-4.4.3/prebuilt/windows/bin/../lib/gcc/arm-linux-androideabi/4.4.3\libgcc.a(pr-support.o)
 .note.GNU-stack
                0x00000000        0x0 E:/Game Source/android-ndk-r8-windows/android-ndk-r8/toolchains/arm-linux-androideabi-4.4.3/prebuilt/windows/bin/../lib/gcc/arm-linux-androideabi/4.4.3\libgcc.a(pr-support.o)
 .data          0x00000000        0x0 E:/Game Source/android-ndk-r8-windows/android-ndk-r8/toolchains/arm-linux-androideabi-4.4.3/prebuilt/windows/bin/../lib/gcc/arm-linux-androideabi/4.4.3\libgcc.a(_divdi3.o)
 .bss           0x00000000        0x0 E:/Game Source/android-ndk-r8-windows/android-ndk-r8/toolchains/arm-linux-androideabi-4.4.3/prebuilt/windows/bin/../lib/gcc/arm-linux-androideabi/4.4.3\libgcc.a(_divdi3.o)
 .ARM.extab     0x00000000        0x0 E:/Game Source/android-ndk-r8-windows/android-ndk-r8/toolchains/arm-linux-androideabi-4.4.3/prebuilt/windows/bin/../lib/gcc/arm-linux-androideabi/4.4.3\libgcc.a(_divdi3.o)
 .note.GNU-stack
                0x00000000        0x0 E:/Game Source/android-ndk-r8-windows/android-ndk-r8/toolchains/arm-linux-androideabi-4.4.3/prebuilt/windows/bin/../lib/gcc/arm-linux-androideabi/4.4.3\libgcc.a(_divdi3.o)
 .data          0x00000000        0x0 E:/Game Source/android-ndk-r8-windows/android-ndk-r8/toolchains/arm-linux-androideabi-4.4.3/prebuilt/windows/bin/../lib/gcc/arm-linux-androideabi/4.4.3\libgcc.a(_udivdi3.o)
 .bss           0x00000000        0x0 E:/Game Source/android-ndk-r8-windows/android-ndk-r8/toolchains/arm-linux-androideabi-4.4.3/prebuilt/windows/bin/../lib/gcc/arm-linux-androideabi/4.4.3\libgcc.a(_udivdi3.o)
 .ARM.extab     0x00000000        0x0 E:/Game Source/android-ndk-r8-windows/android-ndk-r8/toolchains/arm-linux-androideabi-4.4.3/prebuilt/windows/bin/../lib/gcc/arm-linux-androideabi/4.4.3\libgcc.a(_udivdi3.o)
 .note.GNU-stack
                0x00000000        0x0 E:/Game Source/android-ndk-r8-windows/android-ndk-r8/toolchains/arm-linux-androideabi-4.4.3/prebuilt/windows/bin/../lib/gcc/arm-linux-androideabi/4.4.3\libgcc.a(_udivdi3.o)
 .data          0x00000000        0x0 E:/Game Source/android-ndk-r8-windows/android-ndk-r8/toolchains/arm-linux-androideabi-4.4.3/prebuilt/windows/bin/../lib/gcc/arm-linux-androideabi/4.4.3\libgcc.a(_udivsi3.o)
 .bss           0x00000000        0x0 E:/Game Source/android-ndk-r8-windows/android-ndk-r8/toolchains/arm-linux-androideabi-4.4.3/prebuilt/windows/bin/../lib/gcc/arm-linux-androideabi/4.4.3\libgcc.a(_udivsi3.o)
 .note.GNU-stack
                0x00000000        0x0 E:/Game Source/android-ndk-r8-windows/android-ndk-r8/toolchains/arm-linux-androideabi-4.4.3/prebuilt/windows/bin/../lib/gcc/arm-linux-androideabi/4.4.3\libgcc.a(_udivsi3.o)
 .data          0x00000000        0x0 E:/Game Source/android-ndk-r8-windows/android-ndk-r8/toolchains/arm-linux-androideabi-4.4.3/prebuilt/windows/bin/../lib/gcc/arm-linux-androideabi/4.4.3\libgcc.a(_dvmd_lnx.o)
 .bss           0x00000000        0x0 E:/Game Source/android-ndk-r8-windows/android-ndk-r8/toolchains/arm-linux-androideabi-4.4.3/prebuilt/windows/bin/../lib/gcc/arm-linux-androideabi/4.4.3\libgcc.a(_dvmd_lnx.o)
 .note.GNU-stack
                0x00000000        0x0 E:/Game Source/android-ndk-r8-windows/android-ndk-r8/toolchains/arm-linux-androideabi-4.4.3/prebuilt/windows/bin/../lib/gcc/arm-linux-androideabi/4.4.3\libgcc.a(_dvmd_lnx.o)

Memory Configuration

Name             Origin             Length             Attributes
*default*        0x00000000         0xffffffff

Linker script and memory map

LOAD debug\s3eChartboost_platform.os
LOAD debug\s3eChartboost.os
LOAD debug\s3eChartboost_register.os
LOAD C:\marmalade\6.0\s3e\edk\lib\android\libedk.a
LOAD C:\marmalade\6.0\s3e\edk\lib\android/libplaceholderplaceholderplaceholderplaceholderplaceholder.so
LOAD E:\Game Source\android-ndk-r8-windows\android-ndk-r8\platforms\android-9\arch-arm\usr\lib/libc.so
LOAD E:\Game Source\android-ndk-r8-windows\android-ndk-r8\platforms\android-9\arch-arm\usr\lib/libm.so
LOAD E:\Game Source\android-ndk-r8-windows\android-ndk-r8\platforms\android-9\arch-arm\usr\lib/liblog.so
LOAD E:\Game Source\android-ndk-r8-windows\android-ndk-r8\platforms\android-9\arch-arm\usr\lib/libstdc++.so
LOAD E:/Game Source/android-ndk-r8-windows/android-ndk-r8/toolchains/arm-linux-androideabi-4.4.3/prebuilt/windows/bin/../lib/gcc/arm-linux-androideabi/4.4.3\libgcc.a
                0x000000d4                . = (0x0 + SIZEOF_HEADERS)

.note.gnu.build-id
 *(.note.gnu.build-id)

.hash           0x000000d4      0x28c
 *(.hash)
 .hash          0x000000d4      0x28c debug\s3eChartboost_platform.os

.gnu.hash
 *(.gnu.hash)

.dynsym         0x00000360      0x5e0
 *(.dynsym)
 .dynsym        0x00000360      0x5e0 debug\s3eChartboost_platform.os

.dynstr         0x00000940      0x604
 *(.dynstr)
 .dynstr        0x00000940      0x604 debug\s3eChartboost_platform.os

.gnu.version    0x00000f44        0x0
 *(.gnu.version)
 .gnu.version   0x00000000        0x0 debug\s3eChartboost_platform.os

.gnu.version_d  0x00000f44        0x0
 *(.gnu.version_d)
 .gnu.version_d
                0x00000000        0x0 debug\s3eChartboost_platform.os

.gnu.version_r  0x00000f44        0x0
 *(.gnu.version_r)
 .gnu.version_r
                0x00000000        0x0 debug\s3eChartboost_platform.os

.rel.dyn        0x00000f44       0xd0
 *(.rel.init)
 *(.rel.text .rel.text.* .rel.gnu.linkonce.t.*)
 .rel.text.IwAssertRegisterTextCallback
                0x00000000        0x0 debug\s3eChartboost_platform.os
 .rel.text.IwAssertRegisterCallback
                0x00000000        0x0 debug\s3eChartboost_platform.os
 .rel.text.IwDebugTraceSetTraceChannel
                0x00000f44        0x8 debug\s3eChartboost_platform.os
 .rel.text.IwDebugErrorRegisterCallback
                0x00000000        0x0 debug\s3eChartboost_platform.os
 .rel.text.IwDebugAssertSetUID
                0x00000000        0x0 debug\s3eChartboost_platform.os
 .rel.text._GLOBAL__I_g_DebugGlobals
                0x00000f4c        0x8 debug\s3eChartboost_platform.os
 .rel.text.IwDebugClearConfigCache
                0x00000000        0x0 debug\s3eChartboost_platform.os
 .rel.text.IwDebugErrorShow
                0x00000000        0x0 debug\s3eChartboost_platform.os
 .rel.text.IwDebugTraceLineVPrintf
                0x00000f54       0x20 debug\s3eChartboost_platform.os
 .rel.text.IwDebugTraceIsChannelOn
                0x00000f74       0x18 debug\s3eChartboost_platform.os
 .rel.text.IwDebugAssertIsChannelOn
                0x00000000        0x0 debug\s3eChartboost_platform.os
 .rel.text.IwDebugAssertSetMessage
                0x00000000        0x0 debug\s3eChartboost_platform.os
 .rel.text.IwDebugAssertSetSolution
                0x00000000        0x0 debug\s3eChartboost_platform.os
 .rel.text.IwDebugAssertShow
                0x00000000        0x0 debug\s3eChartboost_platform.os
 .rel.text.IwDebugTraceChannelSwitch
                0x00000000        0x0 debug\s3eChartboost_platform.os
 *(.rel.fini)
 *(.rel.rodata .rel.rodata.* .rel.gnu.linkonce.r.*)
 *(.rel.data.rel.ro* .rel.gnu.linkonce.d.rel.ro.*)
 *(.rel.data .rel.data.* .rel.gnu.linkonce.d.*)
 *(.rel.tdata .rel.tdata.* .rel.gnu.linkonce.td.*)
 *(.rel.tbss .rel.tbss.* .rel.gnu.linkonce.tb.*)
 *(.rel.ctors)
 *(.rel.dtors)
 *(.rel.got)
 .rel.got       0x00000f8c       0x80 debug\s3eChartboost_platform.os
 *(.rel.bss .rel.bss.* .rel.gnu.linkonce.b.*)
 .rel.init_array
                0x0000100c        0x8 debug\s3eChartboost_platform.os

.rela.dyn
 *(.rela.init)
 *(.rela.text .rela.text.* .rela.gnu.linkonce.t.*)
 *(.rela.fini)
 *(.rela.rodata .rela.rodata.* .rela.gnu.linkonce.r.*)
 *(.rela.data .rela.data.* .rela.gnu.linkonce.d.*)
 *(.rela.tdata .rela.tdata.* .rela.gnu.linkonce.td.*)
 *(.rela.tbss .rela.tbss.* .rela.gnu.linkonce.tb.*)
 *(.rela.ctors)
 *(.rela.dtors)
 *(.rela.got)
 *(.rela.bss .rela.bss.* .rela.gnu.linkonce.b.*)

.rel.plt        0x00001014       0x98
 *(.rel.plt)
 .rel.plt       0x00001014       0x98 debug\s3eChartboost_platform.os

.rela.plt
 *(.rela.plt)

.init
 *(.init)

.plt            0x000010ac       0xf8
 *(.plt)
 .plt           0x000010ac       0xf8 debug\s3eChartboost_platform.os

.text           0x000011a4     0x34b8
 *(.text .stub .text.* .gnu.linkonce.t.*)
 .text._ZN7_JNIEnv9FindClassEPKc
                0x000011a4       0x40 debug\s3eChartboost_platform.os
                0x000011a4                _JNIEnv::FindClass(char const*)
 .text._ZN7_JNIEnv17ExceptionOccurredEv
                0x000011e4       0x38 debug\s3eChartboost_platform.os
                0x000011e4                _JNIEnv::ExceptionOccurred()
 .text._ZN7_JNIEnv17ExceptionDescribeEv
                0x0000121c       0x30 debug\s3eChartboost_platform.os
                0x0000121c                _JNIEnv::ExceptionDescribe()
 .text._ZN7_JNIEnv14ExceptionClearEv
                0x0000124c       0x30 debug\s3eChartboost_platform.os
                0x0000124c                _JNIEnv::ExceptionClear()
 .text._ZN7_JNIEnv12NewGlobalRefEP8_jobject
                0x0000127c       0x40 debug\s3eChartboost_platform.os
                0x0000127c                _JNIEnv::NewGlobalRef(_jobject*)
 .text._ZN7_JNIEnv15DeleteGlobalRefEP8_jobject
                0x000012bc       0x38 debug\s3eChartboost_platform.os
                0x000012bc                _JNIEnv::DeleteGlobalRef(_jobject*)
 .text._ZN7_JNIEnv14DeleteLocalRefEP8_jobject
                0x000012f4       0x38 debug\s3eChartboost_platform.os
                0x000012f4                _JNIEnv::DeleteLocalRef(_jobject*)
 .text._ZN7_JNIEnv9NewObjectEP7_jclassP10_jmethodIDz
                0x0000132c       0x60 debug\s3eChartboost_platform.os
                0x0000132c                _JNIEnv::NewObject(_jclass*, _jmethodID*, ...)
 .text._ZN7_JNIEnv11GetMethodIDEP7_jclassPKcS3_
                0x0000138c       0x50 debug\s3eChartboost_platform.os
                0x0000138c                _JNIEnv::GetMethodID(_jclass*, char const*, char const*)
 .text._ZN7_JNIEnv14CallVoidMethodEP8_jobjectP10_jmethodIDz
                0x000013dc       0x50 debug\s3eChartboost_platform.os
                0x000013dc                _JNIEnv::CallVoidMethod(_jobject*, _jmethodID*, ...)
 .text._ZN7_JNIEnv12NewStringUTFEPKc
                0x0000142c       0x40 debug\s3eChartboost_platform.os
                0x0000142c                _JNIEnv::NewStringUTF(char const*)
 .text._ZN7_JavaVM6GetEnvEPPvi
                0x0000146c       0x48 debug\s3eChartboost_platform.os
                0x0000146c                _JavaVM::GetEnv(void**, int)
 .text._ZL15s3eEdkJNIGetEnvv
                0x000014b4       0x48 debug\s3eChartboost_platform.os
 .text._ZL27s3eEdkAndroidFindClass_realPKc
                0x000014fc       0x7c debug\s3eChartboost_platform.os
 .text._ZL22s3eEdkAndroidFindClassPKc
                0x00001578       0x3c debug\s3eChartboost_platform.os
 .text._Z26s3eChartboostInit_platformv
                0x000015b4      0x480 debug\s3eChartboost_platform.os
                0x000015b4                s3eChartboostInit_platform()
 .text._Z31s3eChartboostTerminate_platformv
                0x00001a34        0x4 debug\s3eChartboost_platform.os
                0x00001a34                s3eChartboostTerminate_platform()
 .text._Z30s3eChartboostSetAppID_platformPKc
                0x00001a38       0x6c debug\s3eChartboost_platform.os
                0x00001a38                s3eChartboostSetAppID_platform(char const*)
 .text._Z37s3eChartboostSetAppSignature_platformPKc
                0x00001aa4       0x6c debug\s3eChartboost_platform.os
                0x00001aa4                s3eChartboostSetAppSignature_platform(char const*)
 .text._Z29s3eChartboostInstall_platformv
                0x00001b10       0x50 debug\s3eChartboost_platform.os
                0x00001b10                s3eChartboostInstall_platform()
 .text._Z39s3eChartboostCacheInterstitial_platformPKc
                0x00001b60       0x6c debug\s3eChartboost_platform.os
                0x00001b60                s3eChartboostCacheInterstitial_platform(char const*)
 .text._Z38s3eChartboostShowInterstitial_platformPKc
                0x00001bcc       0x6c debug\s3eChartboost_platform.os
                0x00001bcc                s3eChartboostShowInterstitial_platform(char const*)
 .text._Z35s3eChartboostCacheMoreApps_platformv
                0x00001c38       0x50 debug\s3eChartboost_platform.os
                0x00001c38                s3eChartboostCacheMoreApps_platform()
 .text._Z34s3eChartboostShowMoreApps_platformv
                0x00001c88       0x50 debug\s3eChartboost_platform.os
                0x00001c88                s3eChartboostShowMoreApps_platform()
 .text._Z17s3eChartboostInitv
                0x00001cd8       0x18 debug\s3eChartboost.os
                0x00001cd8                s3eChartboostInit()
 .text._Z22s3eChartboostTerminatev
                0x00001cf0       0x10 debug\s3eChartboost.os
                0x00001cf0                s3eChartboostTerminate()
 .text.s3eChartboostSetAppID
                0x00001d00       0x20 debug\s3eChartboost.os
                0x00001d00                s3eChartboostSetAppID
 .text.s3eChartboostSetAppSignature
                0x00001d20       0x20 debug\s3eChartboost.os
                0x00001d20                s3eChartboostSetAppSignature
 .text.s3eChartboostInstall
                0x00001d40       0x10 debug\s3eChartboost.os
                0x00001d40                s3eChartboostInstall
 .text.s3eChartboostCacheInterstitial
                0x00001d50       0x20 debug\s3eChartboost.os
                0x00001d50                s3eChartboostCacheInterstitial
 .text.s3eChartboostShowInterstitial
                0x00001d70       0x20 debug\s3eChartboost.os
                0x00001d70                s3eChartboostShowInterstitial
 .text.s3eChartboostCacheMoreApps
                0x00001d90       0x10 debug\s3eChartboost.os
                0x00001d90                s3eChartboostCacheMoreApps
 .text.s3eChartboostShowMoreApps
                0x00001da0       0x10 debug\s3eChartboost.os
                0x00001da0                s3eChartboostShowMoreApps
 .text._ZL26s3eChartboostSetAppID_wrapPKc
                0x00001db0       0x9c debug\s3eChartboost_register.os
 .text._ZL33s3eChartboostSetAppSignature_wrapPKc
                0x00001e4c       0x9c debug\s3eChartboost_register.os
 .text._ZL25s3eChartboostInstall_wrapv
                0x00001ee8       0x8c debug\s3eChartboost_register.os
 .text._ZL35s3eChartboostCacheInterstitial_wrapPKc
                0x00001f74       0x9c debug\s3eChartboost_register.os
 .text._ZL34s3eChartboostShowInterstitial_wrapPKc
                0x00002010       0x9c debug\s3eChartboost_register.os
 .text._ZL31s3eChartboostCacheMoreApps_wrapv
                0x000020ac       0x8c debug\s3eChartboost_register.os
 .text._ZL30s3eChartboostShowMoreApps_wrapv
                0x00002138       0x8c debug\s3eChartboost_register.os
 .text._Z24s3eChartboostRegisterExtv
                0x000021c4      0x134 debug\s3eChartboost_register.os
                0x000021c4                s3eChartboostRegisterExt()
 .text.RegisterExt
                0x000022f8       0x10 debug\s3eChartboost_register.os
                0x000022f8                RegisterExt
 .text.IwDebugTraceSetTraceChannel
                0x00002308       0x18 C:\marmalade\6.0\s3e\edk\lib\android\libedk.a(IwDebug.o)
                0x00002308                IwDebugTraceSetTraceChannel
 .text._GLOBAL__I_g_DebugGlobals
                0x00002320       0x8c C:\marmalade\6.0\s3e\edk\lib\android\libedk.a(IwDebug.o)
 .text.IwDebugTraceLineVPrintf
                0x000023ac       0xe8 C:\marmalade\6.0\s3e\edk\lib\android\libedk.a(IwDebug.o)
                0x000023ac                IwDebugTraceLineVPrintf
 .text.IwDebugTraceLinePrintf
                0x00002494       0x30 C:\marmalade\6.0\s3e\edk\lib\android\libedk.a(IwDebug.o)
                0x00002494                IwDebugTraceLinePrintf
 .text.IwDebugTraceIsChannelOn
                0x000024c4      0x278 C:\marmalade\6.0\s3e\edk\lib\android\libedk.a(IwDebug.o)
                0x000024c4                IwDebugTraceIsChannelOn
 .text.s3eEdkThreadRunOnOS
                0x0000273c       0x30 C:\marmalade\6.0\s3e\edk\lib\android\libedk.a(edk_helpers.o)
                0x0000273c                s3eEdkThreadRunOnOS
 .text          0x0000276c       0x1c E:/Game Source/android-ndk-r8-windows/android-ndk-r8/toolchains/arm-linux-androideabi-4.4.3/prebuilt/windows/bin/../lib/gcc/arm-linux-androideabi/4.4.3\libgcc.a(_aeabi_ldivmod.o)
                0x0000276c                __aeabi_ldivmod
 .text          0x00002788       0x88 E:/Game Source/android-ndk-r8-windows/android-ndk-r8/toolchains/arm-linux-androideabi-4.4.3/prebuilt/windows/bin/../lib/gcc/arm-linux-androideabi/4.4.3\libgcc.a(bpabi.o)
                0x00002788                __gnu_uldivmod_helper
                0x000027cc                __gnu_ldivmod_helper
 .text          0x00002810      0xec4 E:/Game Source/android-ndk-r8-windows/android-ndk-r8/toolchains/arm-linux-androideabi-4.4.3/prebuilt/windows/bin/../lib/gcc/arm-linux-androideabi/4.4.3\libgcc.a(unwind-arm.o)
                0x00003238                __gnu_Unwind_RaiseException
                0x00002d90                __aeabi_unwind_cpp_pr0
                0x000028c0                _Unwind_GetCFA
                0x0000285c                _Unwind_VRS_Set
                0x00002fd4                __gnu_Unwind_Backtrace
                0x00003368                _Unwind_VRS_Pop
                0x00002d80                __aeabi_unwind_cpp_pr2
                0x000028cc                _Unwind_DeleteException
                0x000028c8                _Unwind_Complete
                0x000032fc                __gnu_Unwind_Resume
                0x000031c4                __gnu_Unwind_ForcedUnwind
                0x000032dc                __gnu_Unwind_Resume_or_Rethrow
                0x00002810                _Unwind_VRS_Get
                0x00002d88                __aeabi_unwind_cpp_pr1
 .text          0x000036d4      0x1a8 E:/Game Source/android-ndk-r8-windows/android-ndk-r8/toolchains/arm-linux-androideabi-4.4.3/prebuilt/windows/bin/../lib/gcc/arm-linux-androideabi/4.4.3\libgcc.a(libunwind.o)
                0x00003834                ___Unwind_ForcedUnwind
                0x000036f0                __gnu_Unwind_Save_VFP
                0x00003810                _Unwind_Resume_or_Rethrow
                0x00003810                ___Unwind_Resume_or_Rethrow
                0x00003858                _Unwind_Backtrace
                0x000036d4                __restore_core_regs
                0x00003710                __gnu_Unwind_Save_VFP_D_16_to_31
                0x00003700                __gnu_Unwind_Save_VFP_D
                0x00003858                ___Unwind_Backtrace
                0x000037c8                ___Unwind_RaiseException
                0x000037ec                ___Unwind_Resume
                0x00003718                __gnu_Unwind_Restore_WMMXD
                0x000036e8                __gnu_Unwind_Restore_VFP
                0x000037ec                _Unwind_Resume
                0x000036f8                __gnu_Unwind_Restore_VFP_D
                0x00003708                __gnu_Unwind_Restore_VFP_D_16_to_31
                0x000037c8                _Unwind_RaiseException
                0x000036d4                restore_core_regs
                0x000037b4                __gnu_Unwind_Save_WMMXC
                0x000037a0                __gnu_Unwind_Restore_WMMXC
                0x00003834                _Unwind_ForcedUnwind
                0x0000375c                __gnu_Unwind_Save_WMMXD
 .text          0x0000387c      0x484 E:/Game Source/android-ndk-r8-windows/android-ndk-r8/toolchains/arm-linux-androideabi-4.4.3/prebuilt/windows/bin/../lib/gcc/arm-linux-androideabi/4.4.3\libgcc.a(pr-support.o)
                0x0000391c                _Unwind_GetRegionStart
                0x00003948                __gnu_unwind_execute
                0x000038d4                _Unwind_GetTextRelBase
                0x000038e4                _Unwind_GetLanguageSpecificData
                0x00003cc0                __gnu_unwind_frame
                0x000038dc                _Unwind_GetDataRelBase
 .text          0x00003d00      0x47c E:/Game Source/android-ndk-r8-windows/android-ndk-r8/toolchains/arm-linux-androideabi-4.4.3/prebuilt/windows/bin/../lib/gcc/arm-linux-androideabi/4.4.3\libgcc.a(_divdi3.o)
                0x00003d00                __divdi3
 .text          0x0000417c      0x40c E:/Game Source/android-ndk-r8-windows/android-ndk-r8/toolchains/arm-linux-androideabi-4.4.3/prebuilt/windows/bin/../lib/gcc/arm-linux-androideabi/4.4.3\libgcc.a(_udivdi3.o)
                0x0000417c                __udivdi3
 .text          0x00004588       0xc4 E:/Game Source/android-ndk-r8-windows/android-ndk-r8/toolchains/arm-linux-androideabi-4.4.3/prebuilt/windows/bin/../lib/gcc/arm-linux-androideabi/4.4.3\libgcc.a(_udivsi3.o)
                0x00004588                __udivsi3
                0x00004588                __aeabi_uidiv
                0x00004634                __aeabi_uidivmod
 .text          0x0000464c       0x10 E:/Game Source/android-ndk-r8-windows/android-ndk-r8/toolchains/arm-linux-androideabi-4.4.3/prebuilt/windows/bin/../lib/gcc/arm-linux-androideabi/4.4.3\libgcc.a(_dvmd_lnx.o)
                0x0000464c                __div0
 *(.gnu.warning)
 *(.glue_7t)
 .glue_7t       0x00000000        0x0 linker stubs
 *(.glue_7)
 .glue_7        0x00000000        0x0 linker stubs
 *(.vfp11_veneer)
 .vfp11_veneer  0x00000000        0x0 linker stubs
 *(.v4_bx)
 .v4_bx         0x00000000        0x0 linker stubs

.fini
 *(.fini)
                0x0000465c                PROVIDE (__etext, .)
                0x0000465c                PROVIDE (_etext, .)
                0x0000465c                PROVIDE (etext, .)

.rodata         0x0000465c      0x480
 *(.rodata .rodata.* .gnu.linkonce.r.*)
 .rodata        0x0000465c      0x14c debug\s3eChartboost_platform.os
 .rodata        0x000047a8      0x218 debug\s3eChartboost_register.os
 .rodata.str1.4
                0x000049c0      0x11c C:\marmalade\6.0\s3e\edk\lib\android\libedk.a(IwDebug.o)
                                0x120 (size before relaxing)

.rodata1
 *(.rodata1)

.ARM.extab      0x00004adc       0x48
 *(.ARM.extab* .gnu.linkonce.armextab.*)
 .ARM.extab.text.IwDebugTraceLineVPrintf
                0x00004adc        0xc C:\marmalade\6.0\s3e\edk\lib\android\libedk.a(IwDebug.o)
 .ARM.extab.text.IwDebugTraceLinePrintf
                0x00004ae8        0xc C:\marmalade\6.0\s3e\edk\lib\android\libedk.a(IwDebug.o)
 .ARM.extab.text.s3eEdkThreadRunOnOS
                0x00004af4        0xc C:\marmalade\6.0\s3e\edk\lib\android\libedk.a(edk_helpers.o)
 .ARM.extab     0x00004b00       0x24 E:/Game Source/android-ndk-r8-windows/android-ndk-r8/toolchains/arm-linux-androideabi-4.4.3/prebuilt/windows/bin/../lib/gcc/arm-linux-androideabi/4.4.3\libgcc.a(unwind-arm.o)
                0x00004b24                __exidx_start = .

.ARM.exidx      0x00004b24      0x128
 *(.ARM.exidx* .gnu.linkonce.armexidx.*)
 .ARM.exidx.text.IwDebugTraceSetTraceChannel
                0x00004b24        0x8 C:\marmalade\6.0\s3e\edk\lib\android\libedk.a(IwDebug.o)
 .ARM.exidx.text._GLOBAL__I_g_DebugGlobals
                0x00004b2c        0x8 C:\marmalade\6.0\s3e\edk\lib\android\libedk.a(IwDebug.o)
 .ARM.exidx.text.IwDebugTraceLineVPrintf
                0x00004b34        0x8 C:\marmalade\6.0\s3e\edk\lib\android\libedk.a(IwDebug.o)
 .ARM.exidx.text.IwDebugTraceLinePrintf
                0x00004b3c        0x8 C:\marmalade\6.0\s3e\edk\lib\android\libedk.a(IwDebug.o)
 .ARM.exidx.text.IwDebugTraceIsChannelOn
                0x00004b44        0x8 C:\marmalade\6.0\s3e\edk\lib\android\libedk.a(IwDebug.o)
 .ARM.exidx.text.s3eEdkThreadRunOnOS
                0x00004b4c        0x8 C:\marmalade\6.0\s3e\edk\lib\android\libedk.a(edk_helpers.o)
 .ARM.exidx     0x00004b54       0x10 E:/Game Source/android-ndk-r8-windows/android-ndk-r8/toolchains/arm-linux-androideabi-4.4.3/prebuilt/windows/bin/../lib/gcc/arm-linux-androideabi/4.4.3\libgcc.a(bpabi.o)
 .ARM.exidx     0x00004b64       0xa0 E:/Game Source/android-ndk-r8-windows/android-ndk-r8/toolchains/arm-linux-androideabi-4.4.3/prebuilt/windows/bin/../lib/gcc/arm-linux-androideabi/4.4.3\libgcc.a(unwind-arm.o)
 .ARM.exidx     0x00004c04       0x38 E:/Game Source/android-ndk-r8-windows/android-ndk-r8/toolchains/arm-linux-androideabi-4.4.3/prebuilt/windows/bin/../lib/gcc/arm-linux-androideabi/4.4.3\libgcc.a(pr-support.o)
 .ARM.exidx     0x00004c3c        0x8 E:/Game Source/android-ndk-r8-windows/android-ndk-r8/toolchains/arm-linux-androideabi-4.4.3/prebuilt/windows/bin/../lib/gcc/arm-linux-androideabi/4.4.3\libgcc.a(_divdi3.o)
 .ARM.exidx     0x00004c44        0x8 E:/Game Source/android-ndk-r8-windows/android-ndk-r8/toolchains/arm-linux-androideabi-4.4.3/prebuilt/windows/bin/../lib/gcc/arm-linux-androideabi/4.4.3\libgcc.a(_udivdi3.o)
                0x00004c4c                __exidx_end = .

.eh_frame_hdr
 *(.eh_frame_hdr)

.eh_frame
 *(.eh_frame)

.gcc_except_table
 *(.gcc_except_table .gcc_except_table.*)
                0x00004c4c                . = (ALIGN (0x1000) - ((0x1000 - .) & 0xfff))
                0x00005000                . = (0x1000 DATA_SEGMENT_ALIGN 0x1000)

.eh_frame
 *(.eh_frame)

.gcc_except_table
 *(.gcc_except_table .gcc_except_table.*)

.tdata
 *(.tdata .tdata.* .gnu.linkonce.td.*)

.tbss
 *(.tbss .tbss.* .gnu.linkonce.tb.*)
 *(.tcommon)

.preinit_array
 *(.preinit_array)

.init_array     0x00005000        0x4
 *(SORT(.init_array.*))
 *(.init_array)
 .init_array    0x00005000        0x4 C:\marmalade\6.0\s3e\edk\lib\android\libedk.a(IwDebug.o)

.fini_array
 *(.fini_array)
 *(SORT(.fini_array.*))

.ctors
 *crtbegin.o(.ctors)
 *crtbegin?.o(.ctors)
 *(EXCLUDE_FILE(*crtend?.o *crtend.o) .ctors)
 *(SORT(.ctors.*))
 *(.ctors)

.dtors
 *crtbegin.o(.dtors)
 *crtbegin?.o(.dtors)
 *(EXCLUDE_FILE(*crtend?.o *crtend.o) .dtors)
 *(SORT(.dtors.*))
 *(.dtors)

.jcr
 *(.jcr)

.data.rel.ro
 *(.data.rel.ro.local* .gnu.linkonce.d.rel.ro.local.*)
 *(.data.rel.ro* .gnu.linkonce.d.rel.ro.*)

.dynamic        0x00005004       0xc0
 *(.dynamic)
 .dynamic       0x00005004       0xc0 debug\s3eChartboost_platform.os
                0x00005004                _DYNAMIC
                0x000050c4                . = (. DATA_SEGMENT_RELRO_END 0x0)

.got            0x000050c4       0x98
 *(.got.plt)
 .got.plt       0x000050c4       0x58 debug\s3eChartboost_platform.os
                0x000050c4                _GLOBAL_OFFSET_TABLE_
 *(.got)
 .got           0x0000511c       0x40 debug\s3eChartboost_platform.os

.data           0x0000515c        0x0
                0x0000515c                __data_start = .
 *(.data .data.* .gnu.linkonce.d.*)

.data1
 *(.data1)
                0x0000515c                _edata = .
                0x0000515c                PROVIDE (edata, .)
                0x0000515c                __bss_start = .
                0x0000515c                __bss_start__ = .

.bss            0x0000515c     0x1a48
 *(.dynbss)
 .dynbss        0x00000000        0x0 debug\s3eChartboost_platform.os
 *(.bss .bss.* .gnu.linkonce.b.*)
 .bss           0x0000515c       0x20 debug\s3eChartboost_platform.os
 .bss           0x0000517c     0x1a28 C:\marmalade\6.0\s3e\edk\lib\android\libedk.a(IwDebug.o)
                0x0000517c                g_DebugGlobals
 *(COMMON)
                0x00006ba4                . = ALIGN ((. != 0x0)?0x4:0x1)
                0x00006ba4                _bss_end__ = .
                0x00006ba4                __bss_end__ = .
                0x00006ba4                . = ALIGN (0x4)
                0x00006ba4                . = ALIGN (0x4)
                0x00006ba4                __end__ = .
                0x00006ba4                _end = .
                0x00006ba4                PROVIDE (end, .)
                0x00006ba4                . = DATA_SEGMENT_END (.)

.stab
 *(.stab)

.stabstr
 *(.stabstr)

.stab.excl
 *(.stab.excl)

.stab.exclstr
 *(.stab.exclstr)

.stab.index
 *(.stab.index)

.stab.indexstr
 *(.stab.indexstr)

.comment        0x00000000       0xe6
 *(.comment)
 .comment       0x00000000       0x12 debug\s3eChartboost_platform.os
 .comment       0x00000012       0x12 debug\s3eChartboost.os
 .comment       0x00000024       0x12 debug\s3eChartboost_register.os
 .comment       0x00000036       0x2b C:\marmalade\6.0\s3e\edk\lib\android\libedk.a(IwDebug.o)
 .comment       0x00000061       0x2b C:\marmalade\6.0\s3e\edk\lib\android\libedk.a(edk_helpers.o)
 .comment       0x0000008c       0x12 E:/Game Source/android-ndk-r8-windows/android-ndk-r8/toolchains/arm-linux-androideabi-4.4.3/prebuilt/windows/bin/../lib/gcc/arm-linux-androideabi/4.4.3\libgcc.a(bpabi.o)
 .comment       0x0000009e       0x12 E:/Game Source/android-ndk-r8-windows/android-ndk-r8/toolchains/arm-linux-androideabi-4.4.3/prebuilt/windows/bin/../lib/gcc/arm-linux-androideabi/4.4.3\libgcc.a(unwind-arm.o)
 .comment       0x000000b0       0x12 E:/Game Source/android-ndk-r8-windows/android-ndk-r8/toolchains/arm-linux-androideabi-4.4.3/prebuilt/windows/bin/../lib/gcc/arm-linux-androideabi/4.4.3\libgcc.a(pr-support.o)
 .comment       0x000000c2       0x12 E:/Game Source/android-ndk-r8-windows/android-ndk-r8/toolchains/arm-linux-androideabi-4.4.3/prebuilt/windows/bin/../lib/gcc/arm-linux-androideabi/4.4.3\libgcc.a(_divdi3.o)
 .comment       0x000000d4       0x12 E:/Game Source/android-ndk-r8-windows/android-ndk-r8/toolchains/arm-linux-androideabi-4.4.3/prebuilt/windows/bin/../lib/gcc/arm-linux-androideabi/4.4.3\libgcc.a(_udivdi3.o)

.debug
 *(.debug)

.line
 *(.line)

.debug_srcinfo
 *(.debug_srcinfo)

.debug_sfnames
 *(.debug_sfnames)

.debug_aranges  0x00000000      0x2b8
 *(.debug_aranges)
 .debug_aranges
                0x00000000       0xd8 debug\s3eChartboost_platform.os
 .debug_aranges
                0x000000d8       0x60 debug\s3eChartboost.os
 .debug_aranges
                0x00000138       0x60 debug\s3eChartboost_register.os
 .debug_aranges
                0x00000198       0x20 E:/Game Source/android-ndk-r8-windows/android-ndk-r8/toolchains/arm-linux-androideabi-4.4.3/prebuilt/windows/bin/../lib/gcc/arm-linux-androideabi/4.4.3\libgcc.a(_aeabi_ldivmod.o)
 .debug_aranges
                0x000001b8       0x20 E:/Game Source/android-ndk-r8-windows/android-ndk-r8/toolchains/arm-linux-androideabi-4.4.3/prebuilt/windows/bin/../lib/gcc/arm-linux-androideabi/4.4.3\libgcc.a(bpabi.o)
 .debug_aranges
                0x000001d8       0x20 E:/Game Source/android-ndk-r8-windows/android-ndk-r8/toolchains/arm-linux-androideabi-4.4.3/prebuilt/windows/bin/../lib/gcc/arm-linux-androideabi/4.4.3\libgcc.a(unwind-arm.o)
 .debug_aranges
                0x000001f8       0x20 E:/Game Source/android-ndk-r8-windows/android-ndk-r8/toolchains/arm-linux-androideabi-4.4.3/prebuilt/windows/bin/../lib/gcc/arm-linux-androideabi/4.4.3\libgcc.a(libunwind.o)
 .debug_aranges
                0x00000218       0x20 E:/Game Source/android-ndk-r8-windows/android-ndk-r8/toolchains/arm-linux-androideabi-4.4.3/prebuilt/windows/bin/../lib/gcc/arm-linux-androideabi/4.4.3\libgcc.a(pr-support.o)
 .debug_aranges
                0x00000238       0x20 E:/Game Source/android-ndk-r8-windows/android-ndk-r8/toolchains/arm-linux-androideabi-4.4.3/prebuilt/windows/bin/../lib/gcc/arm-linux-androideabi/4.4.3\libgcc.a(_divdi3.o)
 .debug_aranges
                0x00000258       0x20 E:/Game Source/android-ndk-r8-windows/android-ndk-r8/toolchains/arm-linux-androideabi-4.4.3/prebuilt/windows/bin/../lib/gcc/arm-linux-androideabi/4.4.3\libgcc.a(_udivdi3.o)
 .debug_aranges
                0x00000278       0x20 E:/Game Source/android-ndk-r8-windows/android-ndk-r8/toolchains/arm-linux-androideabi-4.4.3/prebuilt/windows/bin/../lib/gcc/arm-linux-androideabi/4.4.3\libgcc.a(_udivsi3.o)
 .debug_aranges
                0x00000298       0x20 E:/Game Source/android-ndk-r8-windows/android-ndk-r8/toolchains/arm-linux-androideabi-4.4.3/prebuilt/windows/bin/../lib/gcc/arm-linux-androideabi/4.4.3\libgcc.a(_dvmd_lnx.o)

.debug_pubnames
                0x00000000      0x6b2
 *(.debug_pubnames)
 .debug_pubnames
                0x00000000      0x2a8 debug\s3eChartboost_platform.os
 .debug_pubnames
                0x000002a8      0x119 debug\s3eChartboost.os
 .debug_pubnames
                0x000003c1       0x3f debug\s3eChartboost_register.os
 .debug_pubnames
                0x00000400       0x45 E:/Game Source/android-ndk-r8-windows/android-ndk-r8/toolchains/arm-linux-androideabi-4.4.3/prebuilt/windows/bin/../lib/gcc/arm-linux-androideabi/4.4.3\libgcc.a(bpabi.o)
 .debug_pubnames
                0x00000445      0x177 E:/Game Source/android-ndk-r8-windows/android-ndk-r8/toolchains/arm-linux-androideabi-4.4.3/prebuilt/windows/bin/../lib/gcc/arm-linux-androideabi/4.4.3\libgcc.a(unwind-arm.o)
 .debug_pubnames
                0x000005bc       0xb7 E:/Game Source/android-ndk-r8-windows/android-ndk-r8/toolchains/arm-linux-androideabi-4.4.3/prebuilt/windows/bin/../lib/gcc/arm-linux-androideabi/4.4.3\libgcc.a(pr-support.o)
 .debug_pubnames
                0x00000673       0x1f E:/Game Source/android-ndk-r8-windows/android-ndk-r8/toolchains/arm-linux-androideabi-4.4.3/prebuilt/windows/bin/../lib/gcc/arm-linux-androideabi/4.4.3\libgcc.a(_divdi3.o)
 .debug_pubnames
                0x00000692       0x20 E:/Game Source/android-ndk-r8-windows/android-ndk-r8/toolchains/arm-linux-androideabi-4.4.3/prebuilt/windows/bin/../lib/gcc/arm-linux-androideabi/4.4.3\libgcc.a(_udivdi3.o)

.debug_info     0x00000000     0x8a9b
 *(.debug_info .gnu.linkonce.wi.*)
 .debug_info    0x00000000     0x5bd9 debug\s3eChartboost_platform.os
 .debug_info    0x00005bd9      0x1aa debug\s3eChartboost.os
 .debug_info    0x00005d83      0x1d3 debug\s3eChartboost_register.os
 .debug_info    0x00005f56      0x10b E:/Game Source/android-ndk-r8-windows/android-ndk-r8/toolchains/arm-linux-androideabi-4.4.3/prebuilt/windows/bin/../lib/gcc/arm-linux-androideabi/4.4.3\libgcc.a(_aeabi_ldivmod.o)
 .debug_info    0x00006061       0xde E:/Game Source/android-ndk-r8-windows/android-ndk-r8/toolchains/arm-linux-androideabi-4.4.3/prebuilt/windows/bin/../lib/gcc/arm-linux-androideabi/4.4.3\libgcc.a(bpabi.o)
 .debug_info    0x0000613f     0x1424 E:/Game Source/android-ndk-r8-windows/android-ndk-r8/toolchains/arm-linux-androideabi-4.4.3/prebuilt/windows/bin/../lib/gcc/arm-linux-androideabi/4.4.3\libgcc.a(unwind-arm.o)
 .debug_info    0x00007563      0x10f E:/Game Source/android-ndk-r8-windows/android-ndk-r8/toolchains/arm-linux-androideabi-4.4.3/prebuilt/windows/bin/../lib/gcc/arm-linux-androideabi/4.4.3\libgcc.a(libunwind.o)
 .debug_info    0x00007672      0x636 E:/Game Source/android-ndk-r8-windows/android-ndk-r8/toolchains/arm-linux-androideabi-4.4.3/prebuilt/windows/bin/../lib/gcc/arm-linux-androideabi/4.4.3\libgcc.a(pr-support.o)
 .debug_info    0x00007ca8      0x606 E:/Game Source/android-ndk-r8-windows/android-ndk-r8/toolchains/arm-linux-androideabi-4.4.3/prebuilt/windows/bin/../lib/gcc/arm-linux-androideabi/4.4.3\libgcc.a(_divdi3.o)
 .debug_info    0x000082ae      0x5cb E:/Game Source/android-ndk-r8-windows/android-ndk-r8/toolchains/arm-linux-androideabi-4.4.3/prebuilt/windows/bin/../lib/gcc/arm-linux-androideabi/4.4.3\libgcc.a(_udivdi3.o)
 .debug_info    0x00008879      0x111 E:/Game Source/android-ndk-r8-windows/android-ndk-r8/toolchains/arm-linux-androideabi-4.4.3/prebuilt/windows/bin/../lib/gcc/arm-linux-androideabi/4.4.3\libgcc.a(_udivsi3.o)
 .debug_info    0x0000898a      0x111 E:/Game Source/android-ndk-r8-windows/android-ndk-r8/toolchains/arm-linux-androideabi-4.4.3/prebuilt/windows/bin/../lib/gcc/arm-linux-androideabi/4.4.3\libgcc.a(_dvmd_lnx.o)

.debug_abbrev   0x00000000      0xdce
 *(.debug_abbrev)
 .debug_abbrev  0x00000000      0x282 debug\s3eChartboost_platform.os
 .debug_abbrev  0x00000282       0xd5 debug\s3eChartboost.os
 .debug_abbrev  0x00000357       0xea debug\s3eChartboost_register.os
 .debug_abbrev  0x00000441       0x14 E:/Game Source/android-ndk-r8-windows/android-ndk-r8/toolchains/arm-linux-androideabi-4.4.3/prebuilt/windows/bin/../lib/gcc/arm-linux-androideabi/4.4.3\libgcc.a(_aeabi_ldivmod.o)
 .debug_abbrev  0x00000455       0x6a E:/Game Source/android-ndk-r8-windows/android-ndk-r8/toolchains/arm-linux-androideabi-4.4.3/prebuilt/windows/bin/../lib/gcc/arm-linux-androideabi/4.4.3\libgcc.a(bpabi.o)
 .debug_abbrev  0x000004bf      0x3bb E:/Game Source/android-ndk-r8-windows/android-ndk-r8/toolchains/arm-linux-androideabi-4.4.3/prebuilt/windows/bin/../lib/gcc/arm-linux-androideabi/4.4.3\libgcc.a(unwind-arm.o)
 .debug_abbrev  0x0000087a       0x14 E:/Game Source/android-ndk-r8-windows/android-ndk-r8/toolchains/arm-linux-androideabi-4.4.3/prebuilt/windows/bin/../lib/gcc/arm-linux-androideabi/4.4.3\libgcc.a(libunwind.o)
 .debug_abbrev  0x0000088e      0x220 E:/Game Source/android-ndk-r8-windows/android-ndk-r8/toolchains/arm-linux-androideabi-4.4.3/prebuilt/windows/bin/../lib/gcc/arm-linux-androideabi/4.4.3\libgcc.a(pr-support.o)
 .debug_abbrev  0x00000aae      0x18b E:/Game Source/android-ndk-r8-windows/android-ndk-r8/toolchains/arm-linux-androideabi-4.4.3/prebuilt/windows/bin/../lib/gcc/arm-linux-androideabi/4.4.3\libgcc.a(_divdi3.o)
 .debug_abbrev  0x00000c39      0x16d E:/Game Source/android-ndk-r8-windows/android-ndk-r8/toolchains/arm-linux-androideabi-4.4.3/prebuilt/windows/bin/../lib/gcc/arm-linux-androideabi/4.4.3\libgcc.a(_udivdi3.o)
 .debug_abbrev  0x00000da6       0x14 E:/Game Source/android-ndk-r8-windows/android-ndk-r8/toolchains/arm-linux-androideabi-4.4.3/prebuilt/windows/bin/../lib/gcc/arm-linux-androideabi/4.4.3\libgcc.a(_udivsi3.o)
 .debug_abbrev  0x00000dba       0x14 E:/Game Source/android-ndk-r8-windows/android-ndk-r8/toolchains/arm-linux-androideabi-4.4.3/prebuilt/windows/bin/../lib/gcc/arm-linux-androideabi/4.4.3\libgcc.a(_dvmd_lnx.o)

.debug_line     0x00000000     0x13f4
 *(.debug_line)
 .debug_line    0x00000000      0x382 debug\s3eChartboost_platform.os
 .debug_line    0x00000382      0x121 debug\s3eChartboost.os
 .debug_line    0x000004a3      0x13f debug\s3eChartboost_register.os
 .debug_line    0x000005e2       0xb9 E:/Game Source/android-ndk-r8-windows/android-ndk-r8/toolchains/arm-linux-androideabi-4.4.3/prebuilt/windows/bin/../lib/gcc/arm-linux-androideabi/4.4.3\libgcc.a(_aeabi_ldivmod.o)
 .debug_line    0x0000069b       0xbf E:/Game Source/android-ndk-r8-windows/android-ndk-r8/toolchains/arm-linux-androideabi-4.4.3/prebuilt/windows/bin/../lib/gcc/arm-linux-androideabi/4.4.3\libgcc.a(bpabi.o)
 .debug_line    0x0000075a      0x4e8 E:/Game Source/android-ndk-r8-windows/android-ndk-r8/toolchains/arm-linux-androideabi-4.4.3/prebuilt/windows/bin/../lib/gcc/arm-linux-androideabi/4.4.3\libgcc.a(unwind-arm.o)
 .debug_line    0x00000c42      0x105 E:/Game Source/android-ndk-r8-windows/android-ndk-r8/toolchains/arm-linux-androideabi-4.4.3/prebuilt/windows/bin/../lib/gcc/arm-linux-androideabi/4.4.3\libgcc.a(libunwind.o)
 .debug_line    0x00000d47      0x1e8 E:/Game Source/android-ndk-r8-windows/android-ndk-r8/toolchains/arm-linux-androideabi-4.4.3/prebuilt/windows/bin/../lib/gcc/arm-linux-androideabi/4.4.3\libgcc.a(pr-support.o)
 .debug_line    0x00000f2f      0x19b E:/Game Source/android-ndk-r8-windows/android-ndk-r8/toolchains/arm-linux-androideabi-4.4.3/prebuilt/windows/bin/../lib/gcc/arm-linux-androideabi/4.4.3\libgcc.a(_divdi3.o)
 .debug_line    0x000010ca      0x18b E:/Game Source/android-ndk-r8-windows/android-ndk-r8/toolchains/arm-linux-androideabi-4.4.3/prebuilt/windows/bin/../lib/gcc/arm-linux-androideabi/4.4.3\libgcc.a(_udivdi3.o)
 .debug_line    0x00001255       0xe0 E:/Game Source/android-ndk-r8-windows/android-ndk-r8/toolchains/arm-linux-androideabi-4.4.3/prebuilt/windows/bin/../lib/gcc/arm-linux-androideabi/4.4.3\libgcc.a(_udivsi3.o)
 .debug_line    0x00001335       0xbf E:/Game Source/android-ndk-r8-windows/android-ndk-r8/toolchains/arm-linux-androideabi-4.4.3/prebuilt/windows/bin/../lib/gcc/arm-linux-androideabi/4.4.3\libgcc.a(_dvmd_lnx.o)

.debug_frame    0x00000000      0x930
 *(.debug_frame)
 .debug_frame   0x00000000      0x2b4 debug\s3eChartboost_platform.os
 .debug_frame   0x000002b4      0x10c debug\s3eChartboost.os
 .debug_frame   0x000003c0      0x10c debug\s3eChartboost_register.os
 .debug_frame   0x000004cc       0x60 E:/Game Source/android-ndk-r8-windows/android-ndk-r8/toolchains/arm-linux-androideabi-4.4.3/prebuilt/windows/bin/../lib/gcc/arm-linux-androideabi/4.4.3\libgcc.a(bpabi.o)
 .debug_frame   0x0000052c      0x248 E:/Game Source/android-ndk-r8-windows/android-ndk-r8/toolchains/arm-linux-androideabi-4.4.3/prebuilt/windows/bin/../lib/gcc/arm-linux-androideabi/4.4.3\libgcc.a(unwind-arm.o)
 .debug_frame   0x00000774      0x108 E:/Game Source/android-ndk-r8-windows/android-ndk-r8/toolchains/arm-linux-androideabi-4.4.3/prebuilt/windows/bin/../lib/gcc/arm-linux-androideabi/4.4.3\libgcc.a(pr-support.o)
 .debug_frame   0x0000087c       0x44 E:/Game Source/android-ndk-r8-windows/android-ndk-r8/toolchains/arm-linux-androideabi-4.4.3/prebuilt/windows/bin/../lib/gcc/arm-linux-androideabi/4.4.3\libgcc.a(_divdi3.o)
 .debug_frame   0x000008c0       0x48 E:/Game Source/android-ndk-r8-windows/android-ndk-r8/toolchains/arm-linux-androideabi-4.4.3/prebuilt/windows/bin/../lib/gcc/arm-linux-androideabi/4.4.3\libgcc.a(_udivdi3.o)
 .debug_frame   0x00000908       0x28 E:/Game Source/android-ndk-r8-windows/android-ndk-r8/toolchains/arm-linux-androideabi-4.4.3/prebuilt/windows/bin/../lib/gcc/arm-linux-androideabi/4.4.3\libgcc.a(_udivsi3.o)

.debug_str      0x00000000     0x585f
 *(.debug_str)
 .debug_str     0x00000000     0x4a77 debug\s3eChartboost_platform.os
                               0x4bf1 (size before relaxing)
 .debug_str     0x00004a77       0xa7 debug\s3eChartboost.os
                                0x287 (size before relaxing)
 .debug_str     0x00004b1e      0x171 debug\s3eChartboost_register.os
                                0x284 (size before relaxing)
 .debug_str     0x00004c8f       0xcd E:/Game Source/android-ndk-r8-windows/android-ndk-r8/toolchains/arm-linux-androideabi-4.4.3/prebuilt/windows/bin/../lib/gcc/arm-linux-androideabi/4.4.3\libgcc.a(bpabi.o)
                                 0xf2 (size before relaxing)
 .debug_str     0x00004d5c      0x82d E:/Game Source/android-ndk-r8-windows/android-ndk-r8/toolchains/arm-linux-androideabi-4.4.3/prebuilt/windows/bin/../lib/gcc/arm-linux-androideabi/4.4.3\libgcc.a(unwind-arm.o)
                                0x908 (size before relaxing)
 .debug_str     0x00005589      0x151 E:/Game Source/android-ndk-r8-windows/android-ndk-r8/toolchains/arm-linux-androideabi-4.4.3/prebuilt/windows/bin/../lib/gcc/arm-linux-androideabi/4.4.3\libgcc.a(pr-support.o)
                                0x46e (size before relaxing)
 .debug_str     0x000056da      0x17b E:/Game Source/android-ndk-r8-windows/android-ndk-r8/toolchains/arm-linux-androideabi-4.4.3/prebuilt/windows/bin/../lib/gcc/arm-linux-androideabi/4.4.3\libgcc.a(_divdi3.o)
                                0x22b (size before relaxing)
 .debug_str     0x00005855        0xa E:/Game Source/android-ndk-r8-windows/android-ndk-r8/toolchains/arm-linux-androideabi-4.4.3/prebuilt/windows/bin/../lib/gcc/arm-linux-androideabi/4.4.3\libgcc.a(_udivdi3.o)
                                0x22c (size before relaxing)

.debug_loc      0x00000000     0x27c6
 *(.debug_loc)
 .debug_loc     0x00000000      0x40c debug\s3eChartboost_platform.os
 .debug_loc     0x0000040c      0x150 debug\s3eChartboost.os
 .debug_loc     0x0000055c      0x15d debug\s3eChartboost_register.os
 .debug_loc     0x000006b9      0x120 E:/Game Source/android-ndk-r8-windows/android-ndk-r8/toolchains/arm-linux-androideabi-4.4.3/prebuilt/windows/bin/../lib/gcc/arm-linux-androideabi/4.4.3\libgcc.a(bpabi.o)
 .debug_loc     0x000007d9      0xfef E:/Game Source/android-ndk-r8-windows/android-ndk-r8/toolchains/arm-linux-androideabi-4.4.3/prebuilt/windows/bin/../lib/gcc/arm-linux-androideabi/4.4.3\libgcc.a(unwind-arm.o)
 .debug_loc     0x000017c8      0x2f9 E:/Game Source/android-ndk-r8-windows/android-ndk-r8/toolchains/arm-linux-androideabi-4.4.3/prebuilt/windows/bin/../lib/gcc/arm-linux-androideabi/4.4.3\libgcc.a(pr-support.o)
 .debug_loc     0x00001ac1      0x6cf E:/Game Source/android-ndk-r8-windows/android-ndk-r8/toolchains/arm-linux-androideabi-4.4.3/prebuilt/windows/bin/../lib/gcc/arm-linux-androideabi/4.4.3\libgcc.a(_divdi3.o)
 .debug_loc     0x00002190      0x636 E:/Game Source/android-ndk-r8-windows/android-ndk-r8/toolchains/arm-linux-androideabi-4.4.3/prebuilt/windows/bin/../lib/gcc/arm-linux-androideabi/4.4.3\libgcc.a(_udivdi3.o)

.debug_macinfo
 *(.debug_macinfo)

.debug_weaknames
 *(.debug_weaknames)

.debug_funcnames
 *(.debug_funcnames)

.debug_typenames
 *(.debug_typenames)

.debug_varnames
 *(.debug_varnames)

.debug_pubtypes
 *(.debug_pubtypes)

.debug_ranges   0x00000000      0x4b8
 *(.debug_ranges)
 .debug_ranges  0x00000000       0xc8 debug\s3eChartboost_platform.os
 .debug_ranges  0x000000c8       0x50 debug\s3eChartboost.os
 .debug_ranges  0x00000118       0x50 debug\s3eChartboost_register.os
 .debug_ranges  0x00000168      0x1f8 E:/Game Source/android-ndk-r8-windows/android-ndk-r8/toolchains/arm-linux-androideabi-4.4.3/prebuilt/windows/bin/../lib/gcc/arm-linux-androideabi/4.4.3\libgcc.a(unwind-arm.o)
 .debug_ranges  0x00000360       0x30 E:/Game Source/android-ndk-r8-windows/android-ndk-r8/toolchains/arm-linux-androideabi-4.4.3/prebuilt/windows/bin/../lib/gcc/arm-linux-androideabi/4.4.3\libgcc.a(pr-support.o)
 .debug_ranges  0x00000390       0xa0 E:/Game Source/android-ndk-r8-windows/android-ndk-r8/toolchains/arm-linux-androideabi-4.4.3/prebuilt/windows/bin/../lib/gcc/arm-linux-androideabi/4.4.3\libgcc.a(_divdi3.o)
 .debug_ranges  0x00000430       0x88 E:/Game Source/android-ndk-r8-windows/android-ndk-r8/toolchains/arm-linux-androideabi-4.4.3/prebuilt/windows/bin/../lib/gcc/arm-linux-androideabi/4.4.3\libgcc.a(_udivdi3.o)

.gnu.attributes
 *(.gnu.attributes)

.note.gnu.arm.ident
 *(.note.gnu.arm.ident)

/DISCARD/
 *(.note.GNU-stack)
 *(.gnu_debuglink)
OUTPUT(C:\marmalade\6.0\extensions\s3echartboost\libs\android\libs3eChartboost_d.so elf32-littlearm)

.ARM.attributes
                0x00000000       0x2b
 .ARM.attributes
                0x00000000       0x28 debug\s3eChartboost_platform.os
 .ARM.attributes
                0x00000028       0x28 debug\s3eChartboost.os
 .ARM.attributes
                0x00000050       0x28 debug\s3eChartboost_register.os
 .ARM.attributes
                0x00000078       0x2c C:\marmalade\6.0\s3e\edk\lib\android\libedk.a(IwDebug.o)
 .ARM.attributes
                0x000000a4       0x2c C:\marmalade\6.0\s3e\edk\lib\android\libedk.a(edk_helpers.o)
 .ARM.attributes
                0x000000d0       0x19 E:/Game Source/android-ndk-r8-windows/android-ndk-r8/toolchains/arm-linux-androideabi-4.4.3/prebuilt/windows/bin/../lib/gcc/arm-linux-androideabi/4.4.3\libgcc.a(_aeabi_ldivmod.o)
 .ARM.attributes
                0x000000e9       0x29 E:/Game Source/android-ndk-r8-windows/android-ndk-r8/toolchains/arm-linux-androideabi-4.4.3/prebuilt/windows/bin/../lib/gcc/arm-linux-androideabi/4.4.3\libgcc.a(bpabi.o)
 .ARM.attributes
                0x00000112       0x29 E:/Game Source/android-ndk-r8-windows/android-ndk-r8/toolchains/arm-linux-androideabi-4.4.3/prebuilt/windows/bin/../lib/gcc/arm-linux-androideabi/4.4.3\libgcc.a(unwind-arm.o)
 .ARM.attributes
                0x0000013b       0x19 E:/Game Source/android-ndk-r8-windows/android-ndk-r8/toolchains/arm-linux-androideabi-4.4.3/prebuilt/windows/bin/../lib/gcc/arm-linux-androideabi/4.4.3\libgcc.a(libunwind.o)
 .ARM.attributes
                0x00000154       0x29 E:/Game Source/android-ndk-r8-windows/android-ndk-r8/toolchains/arm-linux-androideabi-4.4.3/prebuilt/windows/bin/../lib/gcc/arm-linux-androideabi/4.4.3\libgcc.a(pr-support.o)
 .ARM.attributes
                0x0000017d       0x29 E:/Game Source/android-ndk-r8-windows/android-ndk-r8/toolchains/arm-linux-androideabi-4.4.3/prebuilt/windows/bin/../lib/gcc/arm-linux-androideabi/4.4.3\libgcc.a(_divdi3.o)
 .ARM.attributes
                0x000001a6       0x29 E:/Game Source/android-ndk-r8-windows/android-ndk-r8/toolchains/arm-linux-androideabi-4.4.3/prebuilt/windows/bin/../lib/gcc/arm-linux-androideabi/4.4.3\libgcc.a(_udivdi3.o)
 .ARM.attributes
                0x000001cf       0x19 E:/Game Source/android-ndk-r8-windows/android-ndk-r8/toolchains/arm-linux-androideabi-4.4.3/prebuilt/windows/bin/../lib/gcc/arm-linux-androideabi/4.4.3\libgcc.a(_udivsi3.o)
 .ARM.attributes
                0x000001e8       0x19 E:/Game Source/android-ndk-r8-windows/android-ndk-r8/toolchains/arm-linux-androideabi-4.4.3/prebuilt/windows/bin/../lib/gcc/arm-linux-androideabi/4.4.3\libgcc.a(_dvmd_lnx.o)
